src/app/cats/ [id]/apply/page.tsx(223,106): error TS2339: Property 'housing_type' does not exist on type 'ApplicantProfile'.
src/app/cats/ [id]/apply/page.tsx(223,149): error TS2339: Property 'housing_type' does not exist on type 'ApplicantProfile'.
src/app/profile/page.tsx(228,72): error TS2339: Property 'housing_type' does not exist on type 'ApplicantProfile'.
src/app/profile/page.tsx(228,115): error TS2339: Property 'housing_type' does not exist on type 'ApplicantProfile'.
src/app/profile/page.tsx(229,73): error TS2339: Property 'pet_allowed' does not exist on type 'ApplicantProfile'.
src/app/profile/page.tsx(229,114): error TS2339: Property 'pet_allowed' does not exist on type 'ApplicantProfile'.
src/app/profile/page.tsx(245,74): error TS2339: Property 'moving_plan' does not exist on type 'ApplicantProfile'.
src/app/profile/page.tsx(245,115): error TS2339: Property 'moving_plan' does not exist on type 'ApplicantProfile'.
